../Drivers/BSP/Components/vl53l4cd/porting/platform.c:38:12:_I2CWrite.constprop	8	static
../Drivers/BSP/Components/vl53l4cd/porting/platform.c:46:9:VL53L4CD_WrByte	8	static
../Drivers/BSP/Components/vl53l4cd/porting/platform.c:63:9:VL53L4CD_WrWord	8	static
../Drivers/BSP/Components/vl53l4cd/porting/platform.c:81:9:VL53L4CD_WrDWord	8	static
../Drivers/BSP/Components/vl53l4cd/porting/platform.c:99:9:VL53L4CD_RdByte	16	static
../Drivers/BSP/Components/vl53l4cd/porting/platform.c:120:9:VL53L4CD_RdWord	16	static
../Drivers/BSP/Components/vl53l4cd/porting/platform.c:145:9:VL53L4CD_RdDWord	16	static
../Drivers/BSP/Components/vl53l4cd/porting/platform.c:170:9:WaitMs	16	static
