../Drivers/BSP/Components/vl53l4cd/modules/vl53l4cd_api.c:180:16:VL53L4CD_GetSWVersion	0	static
../Drivers/BSP/Components/vl53l4cd/modules/vl53l4cd_api.c:192:16:VL53L4CD_SetI2CAddress	8	static
../Drivers/BSP/Components/vl53l4cd/modules/vl53l4cd_api.c:203:16:VL53L4CD_GetSensorId	8	static
../Drivers/BSP/Components/vl53l4cd/modules/vl53l4cd_api.c:284:16:VL53L4CD_ClearInterrupt	8	static
../Drivers/BSP/Components/vl53l4cd/modules/vl53l4cd_api.c:293:16:VL53L4CD_StartRanging	24	static
../Drivers/BSP/Components/vl53l4cd/modules/vl53l4cd_api.c:315:16:VL53L4CD_StopRanging	8	static
../Drivers/BSP/Components/vl53l4cd/modules/vl53l4cd_api.c:324:16:VL53L4CD_CheckForDataReady	40	static
../Drivers/BSP/Components/vl53l4cd/modules/vl53l4cd_api.c:359:16:VL53L4CD_SetRangeTiming	40	static
../Drivers/BSP/Components/vl53l4cd/modules/vl53l4cd_api.c:213:16:VL53L4CD_SensorInit	40	static
../Drivers/BSP/Components/vl53l4cd/modules/vl53l4cd_api.c:448:16:VL53L4CD_GetRangeTiming	48	static
../Drivers/BSP/Components/vl53l4cd/modules/vl53l4cd_api.c:505:16:VL53L4CD_GetResult	64	static
../Drivers/BSP/Components/vl53l4cd/modules/vl53l4cd_api.c:553:16:VL53L4CD_SetOffset	16	static
../Drivers/BSP/Components/vl53l4cd/modules/vl53l4cd_api.c:568:17:VL53L4CD_GetOffset	24	static
../Drivers/BSP/Components/vl53l4cd/modules/vl53l4cd_api.c:589:16:VL53L4CD_SetXtalk	16	static
../Drivers/BSP/Components/vl53l4cd/modules/vl53l4cd_api.c:606:16:VL53L4CD_GetXtalk	16	static
../Drivers/BSP/Components/vl53l4cd/modules/vl53l4cd_api.c:622:16:VL53L4CD_SetDetectionThresholds	24	static
../Drivers/BSP/Components/vl53l4cd/modules/vl53l4cd_api.c:636:16:VL53L4CD_GetDetectionThresholds	24	static
../Drivers/BSP/Components/vl53l4cd/modules/vl53l4cd_api.c:651:16:VL53L4CD_SetSignalThreshold	8	static
../Drivers/BSP/Components/vl53l4cd/modules/vl53l4cd_api.c:662:16:VL53L4CD_GetSignalThreshold	16	static
../Drivers/BSP/Components/vl53l4cd/modules/vl53l4cd_api.c:676:16:VL53L4CD_SetSigmaThreshold	8	static
../Drivers/BSP/Components/vl53l4cd/modules/vl53l4cd_api.c:695:16:VL53L4CD_GetSigmaThreshold	8	static
../Drivers/BSP/Components/vl53l4cd/modules/vl53l4cd_api.c:708:16:VL53L4CD_StartTemperatureUpdate	32	static
