../Drivers/BSP/Components/vl53l4cd/vl53l4cd.c:165:9:VL53L4CD_DeInit	8	static
../Drivers/BSP/Components/vl53l4cd/vl53l4cd.c:229:9:VL53L4CD_GetCapabilities	0	static
../Drivers/BSP/Components/vl53l4cd/vl53l4cd.c:299:9:VL53L4CD_ConfigROI	0	static
../Drivers/BSP/Components/vl53l4cd/vl53l4cd.c:521:9:VL53L4CD_GetAddress	0	static
../Drivers/BSP/Components/vl53l4cd/vl53l4cd.c:545:9:VL53L4CD_SetPowerMode	0	static
../Drivers/BSP/Components/vl53l4cd/vl53l4cd.c:130:9:VL53L4CD_Init	8	static
../Drivers/BSP/Components/vl53l4cd/vl53l4cd.c:201:9:VL53L4CD_ReadID	24	static
../Drivers/BSP/Components/vl53l4cd/vl53l4cd.c:256:9:VL53L4CD_ConfigProfile	16	static
../Drivers/BSP/Components/vl53l4cd/vl53l4cd.c:312:9:VL53L4CD_ConfigIT	16	static
../Drivers/BSP/Components/vl53l4cd/vl53l4cd.c:628:16:vl53l4cd_poll_for_measurement	32	static
../Drivers/BSP/Components/vl53l4cd/vl53l4cd.c:356:9:VL53L4CD_GetDistance	32	static
../Drivers/BSP/Components/vl53l4cd/vl53l4cd.c:408:9:VL53L4CD_Start	16	static
../Drivers/BSP/Components/vl53l4cd/vl53l4cd.c:462:9:VL53L4CD_Stop	8	static
../Drivers/BSP/Components/vl53l4cd/vl53l4cd.c:494:9:VL53L4CD_SetAddress	16	static
../Drivers/BSP/Components/vl53l4cd/vl53l4cd.c:559:9:VL53L4CD_GetPowerMode	0	static
../Drivers/BSP/Components/vl53l4cd/vl53l4cd.c:95:9:VL53L4CD_RegisterBusIO	8	static
../Drivers/BSP/Components/vl53l4cd/vl53l4cd.c:572:9:VL53L4CD_OffsetCalibration	24	static
../Drivers/BSP/Components/vl53l4cd/vl53l4cd.c:602:9:VL53L4CD_XTalkCalibration	24	static
